stm32f1xx_hal.c:157:19:HAL_Init	8	static
stm32f1xx_hal.c:190:19:HAL_DeInit	8	static
stm32f1xx_hal.c:215:13:HAL_MspInit	4	static
stm32f1xx_hal.c:226:13:HAL_MspDeInit	4	static
stm32f1xx_hal.c:249:26:HAL_InitTick	16	static
stm32f1xx_hal.c:297:13:HAL_IncTick	4	static
stm32f1xx_hal.c:308:17:HAL_GetTick	4	static
stm32f1xx_hal.c:324:13:HAL_Delay	24	static
stm32f1xx_hal.c:343:13:HAL_SuspendTick	4	static
stm32f1xx_hal.c:359:13:HAL_ResumeTick	4	static
stm32f1xx_hal.c:369:10:HAL_GetHalVersion	4	static
stm32f1xx_hal.c:385:10:HAL_GetREVID	16	static
stm32f1xx_hal.c:401:10:HAL_GetDEVID	4	static
stm32f1xx_hal.c:410:6:HAL_DBGMCU_EnableDBGSleepMode	4	static
stm32f1xx_hal.c:426:6:HAL_DBGMCU_DisableDBGSleepMode	4	static
stm32f1xx_hal.c:456:6:HAL_DBGMCU_EnableDBGStopMode	4	static
stm32f1xx_hal.c:472:6:HAL_DBGMCU_DisableDBGStopMode	4	static
stm32f1xx_hal.c:488:6:HAL_DBGMCU_EnableDBGStandbyMode	4	static
stm32f1xx_hal.c:504:6:HAL_DBGMCU_DisableDBGStandbyMode	4	static
