stm32f1xx_hal_pwr.c:135:13:PWR_OverloadWfe	4	static
stm32f1xx_hal_pwr.c:174:6:HAL_PWR_DeInit	4	static
stm32f1xx_hal_pwr.c:187:6:HAL_PWR_EnableBkUpAccess	16	static
stm32f1xx_hal_pwr.c:200:6:HAL_PWR_DisableBkUpAccess	16	static
stm32f1xx_hal_pwr.c:334:6:HAL_PWR_ConfigPVD	16	static
stm32f1xx_hal_pwr.c:377:6:HAL_PWR_EnablePVD	16	static
stm32f1xx_hal_pwr.c:387:6:HAL_PWR_DisablePVD	16	static
stm32f1xx_hal_pwr.c:400:6:HAL_PWR_EnableWakeUpPin	24	static
stm32f1xx_hal_pwr.c:415:6:HAL_PWR_DisableWakeUpPin	24	static
stm32f1xx_hal_pwr.c:435:6:HAL_PWR_EnterSLEEPMode	16	static
stm32f1xx_hal_pwr.c:478:6:HAL_PWR_EnterSTOPMode	16	static
stm32f1xx_hal_pwr.c:518:6:HAL_PWR_EnterSTANDBYMode	4	static
stm32f1xx_hal_pwr.c:543:6:HAL_PWR_EnableSleepOnExit	4	static
stm32f1xx_hal_pwr.c:556:6:HAL_PWR_DisableSleepOnExit	4	static
stm32f1xx_hal_pwr.c:569:6:HAL_PWR_EnableSEVOnPend	4	static
stm32f1xx_hal_pwr.c:582:6:HAL_PWR_DisableSEVOnPend	4	static
stm32f1xx_hal_pwr.c:595:6:HAL_PWR_PVD_IRQHandler	8	static
stm32f1xx_hal_pwr.c:612:13:HAL_PWR_PVDCallback	4	static
